#-----------------------------------------------------------
# Vivado v2023.2 (64-bit)
# SW Build 4029153 on Fri Oct 13 20:14:34 MDT 2023
# IP Build 4028589 on Sat Oct 14 00:45:43 MDT 2023
# SharedData Build 4025554 on Tue Oct 10 17:18:54 MDT 2023
# Start of session at: Mon Mar 11 11:43:09 2024
# Process ID: 5828
# Current directory: c:/Users/benja/Desktop/Project_folder/Vivado/Red-Pitaya-main/Complete_setup/tmp/Pid_project_2/Pid_project_2.runs/system_axis_red_pitaya_dac_0_0_synth_1
# Command line: vivado.exe -log system_axis_red_pitaya_dac_0_0.vds -product Vivado -mode batch -messageDb vivado.pb -notrace -source system_axis_red_pitaya_dac_0_0.tcl
# Log file: c:/Users/benja/Desktop/Project_folder/Vivado/Red-Pitaya-main/Complete_setup/tmp/Pid_project_2/Pid_project_2.runs/system_axis_red_pitaya_dac_0_0_synth_1/system_axis_red_pitaya_dac_0_0.vds
# Journal file: c:/Users/benja/Desktop/Project_folder/Vivado/Red-Pitaya-main/Complete_setup/tmp/Pid_project_2/Pid_project_2.runs/system_axis_red_pitaya_dac_0_0_synth_1\vivado.jou
# Running On: LAPTOP-CHI77AAF, OS: Windows, CPU Frequency: 2371 MHz, CPU Physical cores: 6, Host memory: 7907 MB
#-----------------------------------------------------------
source system_axis_red_pitaya_dac_0_0.tcl -notrace
